// Jest Snapshot v1, https://goo.gl/fbAQLP

exports[`renders test react import of CommentItem 1`] = `ShallowWrapper {}`;
