// Jest Snapshot v1, https://goo.gl/fbAQLP

exports[`tests in ListOfStories renders test react import of childs 1`] = `ShallowWrapper {}`;
